[      20 ms] [main      ] SYSTEM_START       workload=workloads/jobs_standard.csv policy=fcfs workers=3 printer=1 database=2
[      21 ms] [main      ] SYSTEM             ?????????: workers + resources + metrics + monitor
[      26 ms] [main      ] SYSTEM             ?????????? 10 ????
[      35 ms] [generator ] JOB_ARRIVED        job=J01 priority=5 work=2500ms
[      36 ms] [scheduler ] SYSTEM             J01 READY
[      48 ms] [worker-1  ] JOB_STARTED        job=J01 priority=5
[      50 ms] [monitor   ] MONITOR            ready=0 running=0 completed=0 printer=0/1 database=0/2
[     100 ms] [generator ] JOB_ARRIVED        job=J02 priority=5 work=2400ms resource=PRINTER(1200ms)
[     100 ms] [scheduler ] SYSTEM             J02 READY
[     100 ms] [worker-2  ] JOB_STARTED        job=J02 priority=5
[     200 ms] [generator ] JOB_ARRIVED        job=J03 priority=5 work=2500ms
[     201 ms] [scheduler ] SYSTEM             J03 READY
[     201 ms] [worker-3  ] JOB_STARTED        job=J03 priority=5
[     300 ms] [generator ] JOB_ARRIVED        job=J04 priority=5 work=2400ms resource=DATABASE(1000ms)
[     300 ms] [scheduler ] SYSTEM             J04 READY
[     400 ms] [generator ] JOB_ARRIVED        job=J05 priority=5 work=2500ms resource=PRINTER(1200ms)
[     401 ms] [scheduler ] SYSTEM             J05 READY
[     500 ms] [generator ] JOB_ARRIVED        job=J06 priority=4 work=2400ms resource=DATABASE(1000ms)
[     501 ms] [scheduler ] SYSTEM             J06 READY
[    1000 ms] [generator ] JOB_ARRIVED        job=J07 priority=1 work=700ms resource=PRINTER(900ms)
[    1000 ms] [scheduler ] SYSTEM             J07 READY
[    1051 ms] [monitor   ] MONITOR            ready=4 running=3 completed=0 printer=0/1 database=0/2
[    1200 ms] [generator ] JOB_ARRIVED        job=J08 priority=1 work=600ms resource=PRINTER(900ms)
[    1200 ms] [scheduler ] SYSTEM             J08 READY
[    1400 ms] [generator ] JOB_ARRIVED        job=J09 priority=1 work=700ms resource=DATABASE(900ms)
[    1401 ms] [scheduler ] SYSTEM             J09 READY
[    1600 ms] [generator ] JOB_ARRIVED        job=J10 priority=2 work=600ms
[    1601 ms] [generator ] SYSTEM             JobGenerator sent END_OF_INPUT
[    1601 ms] [scheduler ] SYSTEM             J10 READY
[    1601 ms] [scheduler ] SYSTEM             Scheduler input closed
[    2051 ms] [monitor   ] MONITOR            ready=7 running=3 completed=0 printer=0/1 database=0/2
[    2502 ms] [worker-2  ] WORK_FINISHED      job=J02
[    2505 ms] [worker-2  ] RESOURCE_WAIT      job=J02 resource=PRINTER
[    2509 ms] [worker-2  ] RESOURCE_ACQUIRED  job=J02 resource=PRINTER waited=0ms
[    2548 ms] [worker-1  ] WORK_FINISHED      job=J01
[    2548 ms] [worker-1  ] JOB_COMPLETED      job=J01
[    2549 ms] [worker-1  ] JOB_STARTED        job=J04 priority=5
[    2701 ms] [worker-3  ] WORK_FINISHED      job=J03
[    2701 ms] [worker-3  ] JOB_COMPLETED      job=J03
[    2702 ms] [worker-3  ] JOB_STARTED        job=J05 priority=5
[    3052 ms] [monitor   ] MONITOR            ready=5 running=3 completed=2 printer=1/1 database=0/2
[    3710 ms] [worker-2  ] RESOURCE_RELEASED  job=J02 resource=PRINTER
[    3710 ms] [worker-2  ] JOB_COMPLETED      job=J02
[    3710 ms] [worker-2  ] JOB_STARTED        job=J06 priority=4
[    4052 ms] [monitor   ] MONITOR            ready=4 running=3 completed=3 printer=0/1 database=0/2
[    4949 ms] [worker-1  ] WORK_FINISHED      job=J04
[    4949 ms] [worker-1  ] RESOURCE_WAIT      job=J04 resource=DATABASE
[    4949 ms] [worker-1  ] RESOURCE_ACQUIRED  job=J04 resource=DATABASE waited=0ms
[    5053 ms] [monitor   ] MONITOR            ready=4 running=3 completed=3 printer=0/1 database=1/2
[    5202 ms] [worker-3  ] WORK_FINISHED      job=J05
[    5202 ms] [worker-3  ] RESOURCE_WAIT      job=J05 resource=PRINTER
[    5202 ms] [worker-3  ] RESOURCE_ACQUIRED  job=J05 resource=PRINTER waited=0ms
[    5949 ms] [worker-1  ] RESOURCE_RELEASED  job=J04 resource=DATABASE
[    5950 ms] [worker-1  ] JOB_COMPLETED      job=J04
[    5950 ms] [worker-1  ] JOB_STARTED        job=J07 priority=1
[    6053 ms] [monitor   ] MONITOR            ready=3 running=3 completed=4 printer=1/1 database=0/2
[    6110 ms] [worker-2  ] WORK_FINISHED      job=J06
[    6110 ms] [worker-2  ] RESOURCE_WAIT      job=J06 resource=DATABASE
[    6111 ms] [worker-2  ] RESOURCE_ACQUIRED  job=J06 resource=DATABASE waited=1ms
[    6402 ms] [worker-3  ] RESOURCE_RELEASED  job=J05 resource=PRINTER
[    6403 ms] [worker-3  ] JOB_COMPLETED      job=J05
[    6403 ms] [worker-3  ] JOB_STARTED        job=J08 priority=1
[    6650 ms] [worker-1  ] WORK_FINISHED      job=J07
[    6650 ms] [worker-1  ] RESOURCE_WAIT      job=J07 resource=PRINTER
[    6650 ms] [worker-1  ] RESOURCE_ACQUIRED  job=J07 resource=PRINTER waited=0ms
[    7003 ms] [worker-3  ] WORK_FINISHED      job=J08
[    7003 ms] [worker-3  ] RESOURCE_WAIT      job=J08 resource=PRINTER
[    7054 ms] [monitor   ] MONITOR            ready=2 running=3 completed=5 printer=1/1 database=1/2
[    7111 ms] [worker-2  ] RESOURCE_RELEASED  job=J06 resource=DATABASE
[    7111 ms] [worker-2  ] JOB_COMPLETED      job=J06
[    7111 ms] [worker-2  ] JOB_STARTED        job=J09 priority=1
[    7551 ms] [worker-1  ] RESOURCE_RELEASED  job=J07 resource=PRINTER
[    7551 ms] [worker-3  ] RESOURCE_ACQUIRED  job=J08 resource=PRINTER waited=548ms
[    7551 ms] [worker-1  ] JOB_COMPLETED      job=J07
[    7551 ms] [worker-1  ] JOB_STARTED        job=J10 priority=2
[    7811 ms] [worker-2  ] WORK_FINISHED      job=J09
[    7812 ms] [worker-2  ] RESOURCE_WAIT      job=J09 resource=DATABASE
[    7812 ms] [worker-2  ] RESOURCE_ACQUIRED  job=J09 resource=DATABASE waited=0ms
[    8054 ms] [monitor   ] MONITOR            ready=0 running=3 completed=7 printer=1/1 database=1/2
[    8151 ms] [worker-1  ] WORK_FINISHED      job=J10
[    8151 ms] [worker-1  ] JOB_COMPLETED      job=J10
[    8152 ms] [worker-1  ] SYSTEM             worker-1 shutdown: ready queue drained
[    8451 ms] [worker-3  ] RESOURCE_RELEASED  job=J08 resource=PRINTER
[    8451 ms] [worker-3  ] JOB_COMPLETED      job=J08
[    8451 ms] [worker-3  ] SYSTEM             worker-3 shutdown: ready queue drained
[    8712 ms] [worker-2  ] RESOURCE_RELEASED  job=J09 resource=DATABASE
[    8712 ms] [worker-2  ] JOB_COMPLETED      job=J09
[    8712 ms] [worker-2  ] SYSTEM             worker-2 shutdown: ready queue drained
[    8713 ms] [monitor   ] MONITOR            ready=0 running=0 completed=10 printer=0/1 database=0/2
[    8713 ms] [main      ] SYSTEM             GRACEFUL_SHUTDOWN all jobs completed
[    8714 ms] [main      ] SYSTEM_STOP        completed=10/10
=== Statistics ===
Completed jobs: 10/10
Average Waiting Time: 2959 ms
Average Turnaround Time: 5456 ms
Average Resource Wait Time: 78 ms
Throughput: 1.15 jobs/sec

Per-job metrics:
Job      Wait(ms)   TAT(ms)    ResWait(ms)  Check(ms)   
J01      13         2514       0            2513        
J02      1          3610       0            3601        
J03      1          2501       0            2501        
J04      2249       5650       0            5649        
J05      2302       6003       0            6002        
J06      3210       6611       1            6611        
J07      4950       6551       0            6550        
J08      5203       7251       548          7251        
J09      5711       7312       0            7311        
J10      5951       6552       0            6551        
