[      19 ms] [main      ] SYSTEM_START       workload=workloads/jobs_standard.csv policy=priority workers=3 printer=1 database=2
[      20 ms] [main      ] SYSTEM             ?????????: workers + resources + metrics + monitor
[      25 ms] [main      ] SYSTEM             ?????????? 10 ????
[      34 ms] [generator ] JOB_ARRIVED        job=J01 priority=5 work=2500ms
[      34 ms] [scheduler ] SYSTEM             J01 READY
[      44 ms] [worker-1  ] JOB_STARTED        job=J01 priority=5
[      45 ms] [monitor   ] MONITOR            ready=0 running=0 completed=0 printer=0/1 database=0/2
[     100 ms] [generator ] JOB_ARRIVED        job=J02 priority=5 work=2400ms resource=PRINTER(1200ms)
[     100 ms] [scheduler ] SYSTEM             J02 READY
[     100 ms] [worker-2  ] JOB_STARTED        job=J02 priority=5
[     200 ms] [generator ] JOB_ARRIVED        job=J03 priority=5 work=2500ms
[     201 ms] [scheduler ] SYSTEM             J03 READY
[     201 ms] [worker-3  ] JOB_STARTED        job=J03 priority=5
[     300 ms] [generator ] JOB_ARRIVED        job=J04 priority=5 work=2400ms resource=DATABASE(1000ms)
[     300 ms] [scheduler ] SYSTEM             J04 READY
[     401 ms] [generator ] JOB_ARRIVED        job=J05 priority=5 work=2500ms resource=PRINTER(1200ms)
[     401 ms] [scheduler ] SYSTEM             J05 READY
[     500 ms] [generator ] JOB_ARRIVED        job=J06 priority=4 work=2400ms resource=DATABASE(1000ms)
[     501 ms] [scheduler ] SYSTEM             J06 READY
[    1000 ms] [generator ] JOB_ARRIVED        job=J07 priority=1 work=700ms resource=PRINTER(900ms)
[    1000 ms] [scheduler ] SYSTEM             J07 READY
[    1046 ms] [monitor   ] MONITOR            ready=4 running=3 completed=0 printer=0/1 database=0/2
[    1200 ms] [generator ] JOB_ARRIVED        job=J08 priority=1 work=600ms resource=PRINTER(900ms)
[    1200 ms] [scheduler ] SYSTEM             J08 READY
[    1401 ms] [generator ] JOB_ARRIVED        job=J09 priority=1 work=700ms resource=DATABASE(900ms)
[    1401 ms] [scheduler ] SYSTEM             J09 READY
[    1600 ms] [generator ] JOB_ARRIVED        job=J10 priority=2 work=600ms
[    1601 ms] [scheduler ] SYSTEM             J10 READY
[    1601 ms] [scheduler ] SYSTEM             Scheduler input closed
[    1601 ms] [generator ] SYSTEM             JobGenerator sent END_OF_INPUT
[    2046 ms] [monitor   ] MONITOR            ready=7 running=3 completed=0 printer=0/1 database=0/2
[    2501 ms] [worker-2  ] WORK_FINISHED      job=J02
[    2504 ms] [worker-2  ] RESOURCE_WAIT      job=J02 resource=PRINTER
[    2508 ms] [worker-2  ] RESOURCE_ACQUIRED  job=J02 resource=PRINTER waited=0ms
[    2544 ms] [worker-1  ] WORK_FINISHED      job=J01
[    2544 ms] [worker-1  ] JOB_COMPLETED      job=J01
[    2544 ms] [worker-1  ] JOB_STARTED        job=J07 priority=1
[    2701 ms] [worker-3  ] WORK_FINISHED      job=J03
[    2701 ms] [worker-3  ] JOB_COMPLETED      job=J03
[    2701 ms] [worker-3  ] JOB_STARTED        job=J08 priority=1
[    3047 ms] [monitor   ] MONITOR            ready=5 running=3 completed=2 printer=1/1 database=0/2
[    3245 ms] [worker-1  ] WORK_FINISHED      job=J07
[    3245 ms] [worker-1  ] RESOURCE_WAIT      job=J07 resource=PRINTER
[    3302 ms] [worker-3  ] WORK_FINISHED      job=J08
[    3302 ms] [worker-3  ] RESOURCE_WAIT      job=J08 resource=PRINTER
[    3708 ms] [worker-1  ] RESOURCE_ACQUIRED  job=J07 resource=PRINTER waited=463ms
[    3708 ms] [worker-2  ] RESOURCE_RELEASED  job=J02 resource=PRINTER
[    3708 ms] [worker-2  ] JOB_COMPLETED      job=J02
[    3709 ms] [worker-2  ] JOB_STARTED        job=J09 priority=1
[    4047 ms] [monitor   ] MONITOR            ready=4 running=3 completed=3 printer=1/1 database=0/2
[    4409 ms] [worker-2  ] WORK_FINISHED      job=J09
[    4409 ms] [worker-2  ] RESOURCE_WAIT      job=J09 resource=DATABASE
[    4409 ms] [worker-2  ] RESOURCE_ACQUIRED  job=J09 resource=DATABASE waited=0ms
[    4608 ms] [worker-1  ] RESOURCE_RELEASED  job=J07 resource=PRINTER
[    4609 ms] [worker-1  ] JOB_COMPLETED      job=J07
[    4609 ms] [worker-1  ] JOB_STARTED        job=J10 priority=2
[    4609 ms] [worker-3  ] RESOURCE_ACQUIRED  job=J08 resource=PRINTER waited=1307ms
[    5048 ms] [monitor   ] MONITOR            ready=3 running=3 completed=4 printer=1/1 database=1/2
[    5209 ms] [worker-1  ] WORK_FINISHED      job=J10
[    5209 ms] [worker-1  ] JOB_COMPLETED      job=J10
[    5209 ms] [worker-1  ] JOB_STARTED        job=J06 priority=4
[    5309 ms] [worker-2  ] RESOURCE_RELEASED  job=J09 resource=DATABASE
[    5310 ms] [worker-2  ] JOB_COMPLETED      job=J09
[    5310 ms] [worker-2  ] JOB_STARTED        job=J04 priority=5
[    5509 ms] [worker-3  ] RESOURCE_RELEASED  job=J08 resource=PRINTER
[    5509 ms] [worker-3  ] JOB_COMPLETED      job=J08
[    5509 ms] [worker-3  ] JOB_STARTED        job=J05 priority=5
[    6048 ms] [monitor   ] MONITOR            ready=0 running=3 completed=7 printer=0/1 database=0/2
[    7049 ms] [monitor   ] MONITOR            ready=0 running=3 completed=7 printer=0/1 database=0/2
[    7610 ms] [worker-1  ] WORK_FINISHED      job=J06
[    7610 ms] [worker-1  ] RESOURCE_WAIT      job=J06 resource=DATABASE
[    7610 ms] [worker-1  ] RESOURCE_ACQUIRED  job=J06 resource=DATABASE waited=0ms
[    7710 ms] [worker-2  ] WORK_FINISHED      job=J04
[    7710 ms] [worker-2  ] RESOURCE_WAIT      job=J04 resource=DATABASE
[    7710 ms] [worker-2  ] RESOURCE_ACQUIRED  job=J04 resource=DATABASE waited=0ms
[    8010 ms] [worker-3  ] WORK_FINISHED      job=J05
[    8010 ms] [worker-3  ] RESOURCE_WAIT      job=J05 resource=PRINTER
[    8010 ms] [worker-3  ] RESOURCE_ACQUIRED  job=J05 resource=PRINTER waited=0ms
[    8049 ms] [monitor   ] MONITOR            ready=0 running=3 completed=7 printer=1/1 database=2/2
[    8610 ms] [worker-1  ] RESOURCE_RELEASED  job=J06 resource=DATABASE
[    8611 ms] [worker-1  ] JOB_COMPLETED      job=J06
[    8611 ms] [worker-1  ] SYSTEM             worker-1 shutdown: ready queue drained
[    8710 ms] [worker-2  ] RESOURCE_RELEASED  job=J04 resource=DATABASE
[    8711 ms] [worker-2  ] JOB_COMPLETED      job=J04
[    8711 ms] [worker-2  ] SYSTEM             worker-2 shutdown: ready queue drained
[    9050 ms] [monitor   ] MONITOR            ready=0 running=1 completed=9 printer=1/1 database=0/2
[    9210 ms] [worker-3  ] RESOURCE_RELEASED  job=J05 resource=PRINTER
[    9211 ms] [worker-3  ] JOB_COMPLETED      job=J05
[    9211 ms] [worker-3  ] SYSTEM             worker-3 shutdown: ready queue drained
[    9211 ms] [monitor   ] MONITOR            ready=0 running=0 completed=10 printer=0/1 database=0/2
[    9211 ms] [main      ] SYSTEM             GRACEFUL_SHUTDOWN all jobs completed
[    9213 ms] [main      ] SYSTEM_STOP        completed=10/10
=== Statistics ===
Completed jobs: 10/10
Average Waiting Time: 2321 ms
Average Turnaround Time: 4939 ms
Average Resource Wait Time: 253 ms
Throughput: 1.09 jobs/sec

Per-job metrics:
Job      Wait(ms)   TAT(ms)    ResWait(ms)  Check(ms)   
J01      11         2511       0            2511        
J02      0          3608       0            3600        
J03      1          2501       0            2501        
J04      5010       8411       0            8410        
J05      5110       8811       0            8810        
J06      4710       8111       0            8110        
J07      1544       3609       463          3607        
J08      1502       4309       1307         4309        
J09      2308       3909       0            3908        
J10      3009       3609       0            3609        
