[      19 ms] [main      ] SYSTEM_START       workload=workloads/jobs_printer.csv policy=priority workers=3 printer=1 database=2
[      19 ms] [main      ] SYSTEM             ?????????: workers + resources + metrics + monitor
[      24 ms] [main      ] SYSTEM             ?????????? 6 ????
[      33 ms] [generator ] JOB_ARRIVED        job=P01 priority=2 work=250ms resource=PRINTER(1200ms)
[      33 ms] [scheduler ] SYSTEM             P01 READY
[      44 ms] [worker-1  ] JOB_STARTED        job=P01 priority=2
[      45 ms] [monitor   ] MONITOR            ready=0 running=0 completed=0 printer=0/1 database=0/2
[     100 ms] [generator ] JOB_ARRIVED        job=P02 priority=1 work=300ms resource=PRINTER(1200ms)
[     100 ms] [scheduler ] SYSTEM             P02 READY
[     101 ms] [worker-2  ] JOB_STARTED        job=P02 priority=1
[     200 ms] [generator ] JOB_ARRIVED        job=P03 priority=3 work=250ms resource=PRINTER(1200ms)
[     201 ms] [scheduler ] SYSTEM             P03 READY
[     201 ms] [worker-3  ] JOB_STARTED        job=P03 priority=3
[     295 ms] [worker-1  ] WORK_FINISHED      job=P01
[     299 ms] [worker-1  ] RESOURCE_WAIT      job=P01 resource=PRINTER
[     301 ms] [generator ] JOB_ARRIVED        job=P04 priority=2 work=300ms resource=PRINTER(1200ms)
[     301 ms] [scheduler ] SYSTEM             P04 READY
[     304 ms] [worker-1  ] RESOURCE_ACQUIRED  job=P01 resource=PRINTER waited=0ms
[     400 ms] [generator ] JOB_ARRIVED        job=P05 priority=1 work=250ms resource=PRINTER(1200ms)
[     401 ms] [scheduler ] SYSTEM             P05 READY
[     401 ms] [worker-2  ] WORK_FINISHED      job=P02
[     401 ms] [worker-2  ] RESOURCE_WAIT      job=P02 resource=PRINTER
[     451 ms] [worker-3  ] WORK_FINISHED      job=P03
[     451 ms] [worker-3  ] RESOURCE_WAIT      job=P03 resource=PRINTER
[     500 ms] [generator ] JOB_ARRIVED        job=P06 priority=3 work=300ms resource=PRINTER(1200ms)
[     500 ms] [scheduler ] SYSTEM             P06 READY
[     500 ms] [generator ] SYSTEM             JobGenerator sent END_OF_INPUT
[     501 ms] [scheduler ] SYSTEM             Scheduler input closed
[    1046 ms] [monitor   ] MONITOR            ready=3 running=3 completed=0 printer=1/1 database=0/2
[    1505 ms] [worker-2  ] RESOURCE_ACQUIRED  job=P02 resource=PRINTER waited=1104ms
[    1505 ms] [worker-1  ] RESOURCE_RELEASED  job=P01 resource=PRINTER
[    1505 ms] [worker-1  ] JOB_COMPLETED      job=P01
[    1505 ms] [worker-1  ] JOB_STARTED        job=P05 priority=1
[    1755 ms] [worker-1  ] WORK_FINISHED      job=P05
[    1756 ms] [worker-1  ] RESOURCE_WAIT      job=P05 resource=PRINTER
[    2046 ms] [monitor   ] MONITOR            ready=2 running=3 completed=1 printer=1/1 database=0/2
[    2705 ms] [worker-3  ] RESOURCE_ACQUIRED  job=P03 resource=PRINTER waited=2254ms
[    2705 ms] [worker-2  ] RESOURCE_RELEASED  job=P02 resource=PRINTER
[    2705 ms] [worker-2  ] JOB_COMPLETED      job=P02
[    2706 ms] [worker-2  ] JOB_STARTED        job=P04 priority=2
[    3006 ms] [worker-2  ] WORK_FINISHED      job=P04
[    3006 ms] [worker-2  ] RESOURCE_WAIT      job=P04 resource=PRINTER
[    3047 ms] [monitor   ] MONITOR            ready=1 running=3 completed=2 printer=1/1 database=0/2
[    3906 ms] [worker-1  ] RESOURCE_ACQUIRED  job=P05 resource=PRINTER waited=2150ms
[    3906 ms] [worker-3  ] RESOURCE_RELEASED  job=P03 resource=PRINTER
[    3906 ms] [worker-3  ] JOB_COMPLETED      job=P03
[    3910 ms] [worker-3  ] JOB_STARTED        job=P06 priority=3
[    4047 ms] [monitor   ] MONITOR            ready=0 running=3 completed=3 printer=1/1 database=0/2
[    4211 ms] [worker-3  ] WORK_FINISHED      job=P06
[    4211 ms] [worker-3  ] RESOURCE_WAIT      job=P06 resource=PRINTER
[    5048 ms] [monitor   ] MONITOR            ready=0 running=3 completed=3 printer=1/1 database=0/2
[    5106 ms] [worker-2  ] RESOURCE_ACQUIRED  job=P04 resource=PRINTER waited=2100ms
[    5106 ms] [worker-1  ] RESOURCE_RELEASED  job=P05 resource=PRINTER
[    5106 ms] [worker-1  ] JOB_COMPLETED      job=P05
[    5107 ms] [worker-1  ] SYSTEM             worker-1 shutdown: ready queue drained
[    6048 ms] [monitor   ] MONITOR            ready=0 running=2 completed=4 printer=1/1 database=0/2
[    6307 ms] [worker-3  ] RESOURCE_ACQUIRED  job=P06 resource=PRINTER waited=2096ms
[    6307 ms] [worker-2  ] RESOURCE_RELEASED  job=P04 resource=PRINTER
[    6307 ms] [worker-2  ] JOB_COMPLETED      job=P04
[    6307 ms] [worker-2  ] SYSTEM             worker-2 shutdown: ready queue drained
[    7049 ms] [monitor   ] MONITOR            ready=0 running=1 completed=5 printer=1/1 database=0/2
[    7507 ms] [worker-3  ] RESOURCE_RELEASED  job=P06 resource=PRINTER
[    7508 ms] [worker-3  ] JOB_COMPLETED      job=P06
[    7508 ms] [worker-3  ] SYSTEM             worker-3 shutdown: ready queue drained
[    7508 ms] [monitor   ] MONITOR            ready=0 running=0 completed=6 printer=0/1 database=0/2
[    7508 ms] [main      ] SYSTEM             GRACEFUL_SHUTDOWN all jobs completed
[    7510 ms] [main      ] SYSTEM_STOP        completed=6/6
=== Statistics ===
Completed jobs: 6/6
Average Waiting Time: 1156 ms
Average Turnaround Time: 4252 ms
Average Resource Wait Time: 1617 ms
Throughput: 0.80 jobs/sec

Per-job metrics:
Job      Wait(ms)   TAT(ms)    ResWait(ms)  Check(ms)   
P01      12         1473       0            1462        
P02      1          2606       1104         2605        
P03      1          3710       2254         3705        
P04      2405       6006       2100         6005        
P05      1105       4707       2150         4705        
P06      3410       7008       2096         7006        
