[      24 ms] [main      ] SYSTEM_START       workload=workloads/jobs_standard.csv policy=priority workers=3 printer=1 database=2
[      25 ms] [main      ] SYSTEM             ?????????: workers + resources + metrics + monitor
[      31 ms] [main      ] SYSTEM             ?????????? 10 ????
[      42 ms] [generator ] JOB_ARRIVED        job=J01 priority=5 work=2500ms
[      44 ms] [scheduler ] SYSTEM             J01 READY
[      48 ms] [worker-2  ] JOB_STARTED        job=J01 priority=5
[      51 ms] [monitor   ] MONITOR            ready=0 running=0 completed=0 printer=0/1 database=0/2
[     100 ms] [generator ] JOB_ARRIVED        job=J02 priority=5 work=2400ms resource=PRINTER(1200ms)
[     101 ms] [worker-1  ] JOB_STARTED        job=J02 priority=5
[     101 ms] [scheduler ] SYSTEM             J02 READY
[     200 ms] [generator ] JOB_ARRIVED        job=J03 priority=5 work=2500ms
[     202 ms] [worker-3  ] JOB_STARTED        job=J03 priority=5
[     201 ms] [scheduler ] SYSTEM             J03 READY
[     300 ms] [generator ] JOB_ARRIVED        job=J04 priority=5 work=2400ms resource=DATABASE(1000ms)
[     300 ms] [scheduler ] SYSTEM             J04 READY
[     400 ms] [generator ] JOB_ARRIVED        job=J05 priority=5 work=2500ms resource=PRINTER(1200ms)
[     401 ms] [scheduler ] SYSTEM             J05 READY
[     500 ms] [generator ] JOB_ARRIVED        job=J06 priority=4 work=2400ms resource=DATABASE(1000ms)
[     500 ms] [scheduler ] SYSTEM             J06 READY
[    1000 ms] [generator ] JOB_ARRIVED        job=J07 priority=1 work=700ms resource=PRINTER(900ms)
[    1000 ms] [scheduler ] SYSTEM             J07 READY
[    1055 ms] [monitor   ] MONITOR            ready=4 running=3 completed=0 printer=0/1 database=0/2
[    1200 ms] [generator ] JOB_ARRIVED        job=J08 priority=1 work=600ms resource=PRINTER(900ms)
[    1200 ms] [scheduler ] SYSTEM             J08 READY
[    1401 ms] [generator ] JOB_ARRIVED        job=J09 priority=1 work=700ms resource=DATABASE(900ms)
[    1401 ms] [scheduler ] SYSTEM             J09 READY
[    1601 ms] [generator ] JOB_ARRIVED        job=J10 priority=2 work=600ms
[    1601 ms] [generator ] SYSTEM             JobGenerator sent END_OF_INPUT
[    1601 ms] [scheduler ] SYSTEM             J10 READY
[    1601 ms] [scheduler ] SYSTEM             Scheduler input closed
[    2055 ms] [monitor   ] MONITOR            ready=7 running=3 completed=0 printer=0/1 database=0/2
[    2502 ms] [worker-1  ] WORK_FINISHED      job=J02
[    2505 ms] [worker-1  ] RESOURCE_WAIT      job=J02 resource=PRINTER
[    2509 ms] [worker-1  ] RESOURCE_ACQUIRED  job=J02 resource=PRINTER waited=0ms
[    2549 ms] [worker-2  ] WORK_FINISHED      job=J01
[    2549 ms] [worker-2  ] JOB_COMPLETED      job=J01
[    2549 ms] [worker-2  ] JOB_STARTED        job=J07 priority=1
[    2702 ms] [worker-3  ] WORK_FINISHED      job=J03
[    2702 ms] [worker-3  ] JOB_COMPLETED      job=J03
[    2702 ms] [worker-3  ] JOB_STARTED        job=J08 priority=1
[    3056 ms] [monitor   ] MONITOR            ready=5 running=3 completed=2 printer=1/1 database=0/2
[    3249 ms] [worker-2  ] WORK_FINISHED      job=J07
[    3250 ms] [worker-2  ] RESOURCE_WAIT      job=J07 resource=PRINTER
[    3302 ms] [worker-3  ] WORK_FINISHED      job=J08
[    3303 ms] [worker-3  ] RESOURCE_WAIT      job=J08 resource=PRINTER
[    3710 ms] [worker-2  ] RESOURCE_ACQUIRED  job=J07 resource=PRINTER waited=460ms
[    3710 ms] [worker-1  ] RESOURCE_RELEASED  job=J02 resource=PRINTER
[    3710 ms] [worker-1  ] JOB_COMPLETED      job=J02
[    3710 ms] [worker-1  ] JOB_STARTED        job=J09 priority=1
[    4056 ms] [monitor   ] MONITOR            ready=4 running=3 completed=3 printer=1/1 database=0/2
[    4410 ms] [worker-1  ] WORK_FINISHED      job=J09
[    4411 ms] [worker-1  ] RESOURCE_WAIT      job=J09 resource=DATABASE
[    4411 ms] [worker-1  ] RESOURCE_ACQUIRED  job=J09 resource=DATABASE waited=0ms
[    4610 ms] [worker-2  ] RESOURCE_RELEASED  job=J07 resource=PRINTER
[    4610 ms] [worker-3  ] RESOURCE_ACQUIRED  job=J08 resource=PRINTER waited=1307ms
[    4610 ms] [worker-2  ] JOB_COMPLETED      job=J07
[    4611 ms] [worker-2  ] JOB_STARTED        job=J10 priority=2
[    5057 ms] [monitor   ] MONITOR            ready=3 running=3 completed=4 printer=1/1 database=1/2
[    5211 ms] [worker-2  ] WORK_FINISHED      job=J10
[    5211 ms] [worker-2  ] JOB_COMPLETED      job=J10
[    5211 ms] [worker-2  ] JOB_STARTED        job=J06 priority=4
[    5311 ms] [worker-1  ] RESOURCE_RELEASED  job=J09 resource=DATABASE
[    5311 ms] [worker-1  ] JOB_COMPLETED      job=J09
[    5311 ms] [worker-1  ] JOB_STARTED        job=J04 priority=5
[    5511 ms] [worker-3  ] RESOURCE_RELEASED  job=J08 resource=PRINTER
[    5511 ms] [worker-3  ] JOB_COMPLETED      job=J08
[    5511 ms] [worker-3  ] JOB_STARTED        job=J05 priority=5
[    6057 ms] [monitor   ] MONITOR            ready=0 running=3 completed=7 printer=0/1 database=0/2
[    7058 ms] [monitor   ] MONITOR            ready=0 running=3 completed=7 printer=0/1 database=0/2
[    7611 ms] [worker-2  ] WORK_FINISHED      job=J06
[    7612 ms] [worker-2  ] RESOURCE_WAIT      job=J06 resource=DATABASE
[    7612 ms] [worker-2  ] RESOURCE_ACQUIRED  job=J06 resource=DATABASE waited=0ms
[    7711 ms] [worker-1  ] WORK_FINISHED      job=J04
[    7712 ms] [worker-1  ] RESOURCE_WAIT      job=J04 resource=DATABASE
[    7712 ms] [worker-1  ] RESOURCE_ACQUIRED  job=J04 resource=DATABASE waited=0ms
[    8011 ms] [worker-3  ] WORK_FINISHED      job=J05
[    8011 ms] [worker-3  ] RESOURCE_WAIT      job=J05 resource=PRINTER
[    8012 ms] [worker-3  ] RESOURCE_ACQUIRED  job=J05 resource=PRINTER waited=0ms
[    8058 ms] [monitor   ] MONITOR            ready=0 running=3 completed=7 printer=1/1 database=2/2
[    8612 ms] [worker-2  ] RESOURCE_RELEASED  job=J06 resource=DATABASE
[    8612 ms] [worker-2  ] JOB_COMPLETED      job=J06
[    8613 ms] [worker-2  ] SYSTEM             worker-2 shutdown: ready queue drained
[    8712 ms] [worker-1  ] RESOURCE_RELEASED  job=J04 resource=DATABASE
[    8712 ms] [worker-1  ] JOB_COMPLETED      job=J04
[    8712 ms] [worker-1  ] SYSTEM             worker-1 shutdown: ready queue drained
[    9059 ms] [monitor   ] MONITOR            ready=0 running=1 completed=9 printer=1/1 database=0/2
[    9212 ms] [worker-3  ] RESOURCE_RELEASED  job=J05 resource=PRINTER
[    9212 ms] [worker-3  ] JOB_COMPLETED      job=J05
[    9212 ms] [worker-3  ] SYSTEM             worker-3 shutdown: ready queue drained
[    9212 ms] [monitor   ] MONITOR            ready=0 running=0 completed=10 printer=0/1 database=0/2
[    9213 ms] [main      ] SYSTEM             GRACEFUL_SHUTDOWN all jobs completed
[    9214 ms] [main      ] SYSTEM_STOP        completed=10/10
=== Statistics ===
Completed jobs: 10/10
Average Waiting Time: 2321 ms
Average Turnaround Time: 4940 ms
Average Resource Wait Time: 252 ms
Throughput: 1.09 jobs/sec

Per-job metrics:
Job      Wait(ms)   TAT(ms)    ResWait(ms)  Check(ms)   
J01      6          2507       0            2506        
J02      1          3610       0            3601        
J03      2          2502       0            2502        
J04      5011       8412       0            8411        
J05      5111       8812       0            8811        
J06      4711       8112       0            8111        
J07      1549       3610       460          3609        
J08      1502       4311       1307         4309        
J09      2309       3910       0            3909        
J10      3011       3611       0            3611        
