[      37 ms] [main      ] SYSTEM_START       workload=C:\Users\not24\OneDrive\Desktop\os-term-project-starterbonus\workloads\jobs_deadlock.csv policy=fcfs workers=2 printer=1 database=1 aging=off dynamic=false virtual=false resourceTimeoutMs=0
[      41 ms] [main      ] SYSTEM             โหลดงานได้ 2 ชิ้น
[      50 ms] [generator ] JOB_ARRIVED        job=PRINTER_FIRST priority=1 work=100ms resource=[PRINTER, DATABASE](300ms)
[      51 ms] [generator ] JOB_ARRIVED        job=DATABASE_FIRST priority=1 work=100ms resource=[PRINTER, DATABASE](300ms)
[      51 ms] [worker-poo] WORKER_POOL        active=2 target=2
[      56 ms] [worker-1  ] JOB_STARTED        job=PRINTER_FIRST priority=1
[      56 ms] [worker-2  ] JOB_STARTED        job=DATABASE_FIRST priority=1
[      56 ms] [monitor   ] MONITOR            ready=0 running=0 completed=0 printer=0/1 database=0/1
[     162 ms] [worker-1  ] WORK_FINISHED      job=PRINTER_FIRST
[     162 ms] [worker-2  ] WORK_FINISHED      job=DATABASE_FIRST
[     167 ms] [worker-1  ] RESOURCE_WAIT      job=PRINTER_FIRST resource=PRINTER
[     167 ms] [worker-2  ] RESOURCE_WAIT      job=DATABASE_FIRST resource=PRINTER
[     171 ms] [worker-1  ] RESOURCE_ACQUIRED  job=PRINTER_FIRST resource=PRINTER waited=1ms
[     171 ms] [worker-1  ] RESOURCE_WAIT      job=PRINTER_FIRST resource=DATABASE
[     172 ms] [worker-1  ] RESOURCE_ACQUIRED  job=PRINTER_FIRST resource=DATABASE waited=0ms
[     474 ms] [worker-1  ] RESOURCE_RELEASED  job=PRINTER_FIRST resource=DATABASE
[     474 ms] [worker-1  ] RESOURCE_RELEASED  job=PRINTER_FIRST resource=PRINTER
[     474 ms] [worker-2  ] RESOURCE_ACQUIRED  job=DATABASE_FIRST resource=PRINTER waited=307ms
[     474 ms] [worker-1  ] JOB_COMPLETED      job=PRINTER_FIRST
[     474 ms] [worker-2  ] RESOURCE_WAIT      job=DATABASE_FIRST resource=DATABASE
[     475 ms] [worker-2  ] RESOURCE_ACQUIRED  job=DATABASE_FIRST resource=DATABASE waited=0ms
[     788 ms] [worker-2  ] RESOURCE_RELEASED  job=DATABASE_FIRST resource=DATABASE
[     789 ms] [worker-2  ] RESOURCE_RELEASED  job=DATABASE_FIRST resource=PRINTER
[     789 ms] [worker-2  ] JOB_COMPLETED      job=DATABASE_FIRST
===== SUMMARY =====
Completed: 2/2
Cancelled: 0
Average Waiting Time: 1 ms
Average Total Queue Waiting Time: 1 ms
Average Turnaround Time: 581 ms
Throughput: 2.53 jobs/s
Average Resource Wait Time: 154 ms
[     903 ms] [main      ] SYSTEM_STOP        completed=2 cancelled=0 total=2
