[      32 ms] [main      ] SYSTEM_START       workload=C:\Users\not24\OneDrive\Desktop\os-term-project-starterbonus\workloads\jobs_aging.csv policy=priority workers=1 printer=1 database=1 aging=off dynamic=false virtual=false resourceTimeoutMs=0
[      38 ms] [main      ] SYSTEM             โหลดงานได้ 5 ชิ้น
[      48 ms] [worker-poo] WORKER_POOL        active=1 target=1
[      48 ms] [generator ] JOB_ARRIVED        job=BLOCK priority=1 work=7000ms
[      54 ms] [worker-1  ] JOB_STARTED        job=BLOCK priority=1
[      54 ms] [monitor   ] MONITOR            ready=0 running=0 completed=0 printer=0/1 database=0/1
[     101 ms] [generator ] JOB_ARRIVED        job=LOW priority=5 work=300ms
[    1055 ms] [monitor   ] MONITOR            ready=1 running=1 completed=0 printer=0/1 database=0/1
[    2057 ms] [monitor   ] MONITOR            ready=1 running=1 completed=0 printer=0/1 database=0/1
[    3059 ms] [monitor   ] MONITOR            ready=1 running=1 completed=0 printer=0/1 database=0/1
[    4061 ms] [monitor   ] MONITOR            ready=1 running=1 completed=0 printer=0/1 database=0/1
[    5063 ms] [monitor   ] MONITOR            ready=1 running=1 completed=0 printer=0/1 database=0/1
[    6000 ms] [generator ] JOB_ARRIVED        job=HIGH1 priority=1 work=300ms
[    6064 ms] [monitor   ] MONITOR            ready=2 running=1 completed=0 printer=0/1 database=0/1
[    6111 ms] [generator ] JOB_ARRIVED        job=HIGH2 priority=1 work=300ms
[    6201 ms] [generator ] JOB_ARRIVED        job=HIGH3 priority=1 work=300ms
[    7057 ms] [worker-1  ] WORK_FINISHED      job=BLOCK
[    7057 ms] [worker-1  ] JOB_COMPLETED      job=BLOCK
[    7058 ms] [worker-1  ] JOB_STARTED        job=HIGH1 priority=1
[    7080 ms] [monitor   ] MONITOR            ready=3 running=1 completed=1 printer=0/1 database=0/1
[    7372 ms] [worker-1  ] WORK_FINISHED      job=HIGH1
[    7372 ms] [worker-1  ] JOB_COMPLETED      job=HIGH1
[    7373 ms] [worker-1  ] JOB_STARTED        job=HIGH2 priority=1
[    7683 ms] [worker-1  ] WORK_FINISHED      job=HIGH2
[    7683 ms] [worker-1  ] JOB_COMPLETED      job=HIGH2
[    7683 ms] [worker-1  ] JOB_STARTED        job=HIGH3 priority=1
[    7994 ms] [worker-1  ] WORK_FINISHED      job=HIGH3
[    7995 ms] [worker-1  ] JOB_COMPLETED      job=HIGH3
[    7995 ms] [worker-1  ] JOB_STARTED        job=LOW priority=5
[    8087 ms] [monitor   ] MONITOR            ready=0 running=1 completed=4 printer=0/1 database=0/1
[    8305 ms] [worker-1  ] WORK_FINISHED      job=LOW
[    8306 ms] [worker-1  ] JOB_COMPLETED      job=LOW
===== SUMMARY =====
Completed: 5/5
Cancelled: 0
Average Waiting Time: 2339 ms
Average Total Queue Waiting Time: 2339 ms
Average Turnaround Time: 3990 ms
Throughput: 0.60 jobs/s
Average Resource Wait Time: 0 ms
[    8422 ms] [main      ] SYSTEM_STOP        completed=5 cancelled=0 total=5
