[      35 ms] [main      ] SYSTEM_START       workload=../workloads/jobs_standard.csv policy=fcfs workers=3 printer=1 database=2
[      36 ms] [main      ] SYSTEM             เริ่มระบบ: workers + resources + metrics + monitor
[      51 ms] [main      ] SYSTEM             โหลดงานได้ 10 ชิ้น
[      66 ms] [generator ] JOB_ARRIVED        job=J01 priority=5 work=2500ms
[      68 ms] [scheduler ] SYSTEM             J01 READY
[      75 ms] [worker-1  ] JOB_STARTED        job=J01 priority=5
[      83 ms] [monitor   ] MONITOR            ready=0 running=0 completed=0 printer=0/1 database=0/2
[     100 ms] [generator ] JOB_ARRIVED        job=J02 priority=5 work=2400ms resource=PRINTER(1200ms)
[     101 ms] [worker-3  ] JOB_STARTED        job=J02 priority=5
[     101 ms] [scheduler ] SYSTEM             J02 READY
[     201 ms] [generator ] JOB_ARRIVED        job=J03 priority=5 work=2500ms
[     201 ms] [worker-2  ] JOB_STARTED        job=J03 priority=5
[     201 ms] [scheduler ] SYSTEM             J03 READY
[     300 ms] [generator ] JOB_ARRIVED        job=J04 priority=5 work=2400ms resource=DATABASE(1000ms)
[     301 ms] [scheduler ] SYSTEM             J04 READY
[     400 ms] [generator ] JOB_ARRIVED        job=J05 priority=5 work=2500ms resource=PRINTER(1200ms)
[     402 ms] [scheduler ] SYSTEM             J05 READY
[     501 ms] [generator ] JOB_ARRIVED        job=J06 priority=4 work=2400ms resource=DATABASE(1000ms)
[     501 ms] [scheduler ] SYSTEM             J06 READY
[    1000 ms] [generator ] JOB_ARRIVED        job=J07 priority=1 work=700ms resource=PRINTER(900ms)
[    1001 ms] [scheduler ] SYSTEM             J07 READY
[    1083 ms] [monitor   ] MONITOR            ready=4 running=3 completed=0 printer=0/1 database=0/2
[    1200 ms] [generator ] JOB_ARRIVED        job=J08 priority=1 work=600ms resource=PRINTER(900ms)
[    1201 ms] [scheduler ] SYSTEM             J08 READY
[    1400 ms] [generator ] JOB_ARRIVED        job=J09 priority=1 work=700ms resource=DATABASE(900ms)
[    1401 ms] [scheduler ] SYSTEM             J09 READY
[    1600 ms] [generator ] JOB_ARRIVED        job=J10 priority=2 work=600ms
[    1601 ms] [generator ] SYSTEM             JobGenerator sent END_OF_INPUT
[    1601 ms] [scheduler ] SYSTEM             J10 READY
[    1601 ms] [scheduler ] SYSTEM             Scheduler input closed
[    2084 ms] [monitor   ] MONITOR            ready=7 running=3 completed=0 printer=0/1 database=0/2
[    2502 ms] [worker-3  ] WORK_FINISHED      job=J02
[    2507 ms] [worker-3  ] RESOURCE_WAIT      job=J02 resource=PRINTER
[    2513 ms] [worker-3  ] RESOURCE_ACQUIRED  job=J02 resource=PRINTER waited=0ms
[    2576 ms] [worker-1  ] WORK_FINISHED      job=J01
[    2576 ms] [worker-1  ] JOB_COMPLETED      job=J01
[    2576 ms] [worker-1  ] JOB_STARTED        job=J04 priority=5
[    2701 ms] [worker-2  ] WORK_FINISHED      job=J03
[    2702 ms] [worker-2  ] JOB_COMPLETED      job=J03
[    2702 ms] [worker-2  ] JOB_STARTED        job=J05 priority=5
[    3084 ms] [monitor   ] MONITOR            ready=5 running=3 completed=2 printer=1/1 database=0/2
[    3714 ms] [worker-3  ] RESOURCE_RELEASED  job=J02 resource=PRINTER
[    3714 ms] [worker-3  ] JOB_COMPLETED      job=J02
[    3714 ms] [worker-3  ] JOB_STARTED        job=J06 priority=4
[    4086 ms] [monitor   ] MONITOR            ready=4 running=3 completed=3 printer=0/1 database=0/2
[    4976 ms] [worker-1  ] WORK_FINISHED      job=J04
[    4977 ms] [worker-1  ] RESOURCE_WAIT      job=J04 resource=DATABASE
[    4977 ms] [worker-1  ] RESOURCE_ACQUIRED  job=J04 resource=DATABASE waited=0ms
[    5087 ms] [monitor   ] MONITOR            ready=4 running=3 completed=3 printer=0/1 database=1/2
[    5202 ms] [worker-2  ] WORK_FINISHED      job=J05
[    5202 ms] [worker-2  ] RESOURCE_WAIT      job=J05 resource=PRINTER
[    5203 ms] [worker-2  ] RESOURCE_ACQUIRED  job=J05 resource=PRINTER waited=0ms
[    5977 ms] [worker-1  ] RESOURCE_RELEASED  job=J04 resource=DATABASE
[    5977 ms] [worker-1  ] JOB_COMPLETED      job=J04
[    5977 ms] [worker-1  ] JOB_STARTED        job=J07 priority=1
[    6087 ms] [monitor   ] MONITOR            ready=3 running=3 completed=4 printer=1/1 database=0/2
[    6114 ms] [worker-3  ] WORK_FINISHED      job=J06
[    6115 ms] [worker-3  ] RESOURCE_WAIT      job=J06 resource=DATABASE
[    6115 ms] [worker-3  ] RESOURCE_ACQUIRED  job=J06 resource=DATABASE waited=0ms
[    6403 ms] [worker-2  ] RESOURCE_RELEASED  job=J05 resource=PRINTER
[    6403 ms] [worker-2  ] JOB_COMPLETED      job=J05
[    6403 ms] [worker-2  ] JOB_STARTED        job=J08 priority=1
[    6678 ms] [worker-1  ] WORK_FINISHED      job=J07
[    6678 ms] [worker-1  ] RESOURCE_WAIT      job=J07 resource=PRINTER
[    6678 ms] [worker-1  ] RESOURCE_ACQUIRED  job=J07 resource=PRINTER waited=0ms
[    7004 ms] [worker-2  ] WORK_FINISHED      job=J08
[    7005 ms] [worker-2  ] RESOURCE_WAIT      job=J08 resource=PRINTER
[    7088 ms] [monitor   ] MONITOR            ready=2 running=3 completed=5 printer=1/1 database=1/2
[    7115 ms] [worker-3  ] RESOURCE_RELEASED  job=J06 resource=DATABASE
[    7115 ms] [worker-3  ] JOB_COMPLETED      job=J06
[    7115 ms] [worker-3  ] JOB_STARTED        job=J09 priority=1
[    7579 ms] [worker-2  ] RESOURCE_ACQUIRED  job=J08 resource=PRINTER waited=574ms
[    7578 ms] [worker-1  ] RESOURCE_RELEASED  job=J07 resource=PRINTER
[    7579 ms] [worker-1  ] JOB_COMPLETED      job=J07
[    7579 ms] [worker-1  ] JOB_STARTED        job=J10 priority=2
[    7816 ms] [worker-3  ] WORK_FINISHED      job=J09
[    7816 ms] [worker-3  ] RESOURCE_WAIT      job=J09 resource=DATABASE
[    7816 ms] [worker-3  ] RESOURCE_ACQUIRED  job=J09 resource=DATABASE waited=0ms
[    8088 ms] [monitor   ] MONITOR            ready=0 running=3 completed=7 printer=1/1 database=1/2
[    8179 ms] [worker-1  ] WORK_FINISHED      job=J10
[    8180 ms] [worker-1  ] JOB_COMPLETED      job=J10
[    8180 ms] [worker-1  ] SYSTEM             worker-1 shutdown: ready queue drained
[    8479 ms] [worker-2  ] RESOURCE_RELEASED  job=J08 resource=PRINTER
[    8479 ms] [worker-2  ] JOB_COMPLETED      job=J08
[    8480 ms] [worker-2  ] SYSTEM             worker-2 shutdown: ready queue drained
[    8716 ms] [worker-3  ] RESOURCE_RELEASED  job=J09 resource=DATABASE
[    8717 ms] [worker-3  ] JOB_COMPLETED      job=J09
[    8717 ms] [worker-3  ] SYSTEM             worker-3 shutdown: ready queue drained
[    8717 ms] [monitor   ] MONITOR            ready=0 running=0 completed=10 printer=0/1 database=0/2
[    8717 ms] [main      ] SYSTEM             GRACEFUL_SHUTDOWN all jobs completed
[    8719 ms] [main      ] SYSTEM_STOP        completed=10/10
=== Statistics ===
Completed jobs: 10/10
Average Waiting Time: 2968 ms
Average Turnaround Time: 5468 ms
Average Resource Wait Time: 82 ms
Throughput: 1.15 jobs/sec

Per-job metrics:
Job      Wait(ms)   TAT(ms)    ResWait(ms)  Check(ms)   
J01      10         2511       0            2510        
J02      1          3614       0            3601        
J03      0          2501       0            2500        
J04      2276       5677       0            5676        
J05      2302       6003       0            6002        
J06      3213       6614       0            6613        
J07      4978       6579       0            6578        
J08      5204       7280       574          7278        
J09      5715       7317       0            7315        
J10      5979       6580       0            6579        
