[      29 ms] [main      ] SYSTEM_START       workload=../workloads/jobs_standard.csv policy=priority workers=3 printer=1 database=2
[      30 ms] [main      ] SYSTEM             เริ่มระบบ: workers + resources + metrics + monitor
[      36 ms] [main      ] SYSTEM             โหลดงานได้ 10 ชิ้น
[      48 ms] [generator ] JOB_ARRIVED        job=J01 priority=5 work=2500ms
[      50 ms] [scheduler ] SYSTEM             J01 READY
[      69 ms] [worker-1  ] JOB_STARTED        job=J01 priority=5
[      72 ms] [monitor   ] MONITOR            ready=0 running=0 completed=0 printer=0/1 database=0/2
[     100 ms] [generator ] JOB_ARRIVED        job=J02 priority=5 work=2400ms resource=PRINTER(1200ms)
[     101 ms] [worker-2  ] JOB_STARTED        job=J02 priority=5
[     101 ms] [scheduler ] SYSTEM             J02 READY
[     200 ms] [generator ] JOB_ARRIVED        job=J03 priority=5 work=2500ms
[     201 ms] [scheduler ] SYSTEM             J03 READY
[     201 ms] [worker-3  ] JOB_STARTED        job=J03 priority=5
[     300 ms] [generator ] JOB_ARRIVED        job=J04 priority=5 work=2400ms resource=DATABASE(1000ms)
[     300 ms] [scheduler ] SYSTEM             J04 READY
[     400 ms] [generator ] JOB_ARRIVED        job=J05 priority=5 work=2500ms resource=PRINTER(1200ms)
[     401 ms] [scheduler ] SYSTEM             J05 READY
[     500 ms] [generator ] JOB_ARRIVED        job=J06 priority=4 work=2400ms resource=DATABASE(1000ms)
[     501 ms] [scheduler ] SYSTEM             J06 READY
[    1000 ms] [generator ] JOB_ARRIVED        job=J07 priority=1 work=700ms resource=PRINTER(900ms)
[    1001 ms] [scheduler ] SYSTEM             J07 READY
[    1072 ms] [monitor   ] MONITOR            ready=4 running=3 completed=0 printer=0/1 database=0/2
[    1200 ms] [generator ] JOB_ARRIVED        job=J08 priority=1 work=600ms resource=PRINTER(900ms)
[    1201 ms] [scheduler ] SYSTEM             J08 READY
[    1401 ms] [generator ] JOB_ARRIVED        job=J09 priority=1 work=700ms resource=DATABASE(900ms)
[    1403 ms] [scheduler ] SYSTEM             J09 READY
[    1601 ms] [generator ] JOB_ARRIVED        job=J10 priority=2 work=600ms
[    1601 ms] [generator ] SYSTEM             JobGenerator sent END_OF_INPUT
[    1601 ms] [scheduler ] SYSTEM             J10 READY
[    1601 ms] [scheduler ] SYSTEM             Scheduler input closed
[    2073 ms] [monitor   ] MONITOR            ready=7 running=3 completed=0 printer=0/1 database=0/2
[    2503 ms] [worker-2  ] WORK_FINISHED      job=J02
[    2507 ms] [worker-2  ] RESOURCE_WAIT      job=J02 resource=PRINTER
[    2515 ms] [worker-2  ] RESOURCE_ACQUIRED  job=J02 resource=PRINTER waited=0ms
[    2569 ms] [worker-1  ] WORK_FINISHED      job=J01
[    2570 ms] [worker-1  ] JOB_COMPLETED      job=J01
[    2570 ms] [worker-1  ] JOB_STARTED        job=J07 priority=1
[    2701 ms] [worker-3  ] WORK_FINISHED      job=J03
[    2701 ms] [worker-3  ] JOB_COMPLETED      job=J03
[    2701 ms] [worker-3  ] JOB_STARTED        job=J08 priority=1
[    3074 ms] [monitor   ] MONITOR            ready=5 running=3 completed=2 printer=1/1 database=0/2
[    3270 ms] [worker-1  ] WORK_FINISHED      job=J07
[    3270 ms] [worker-1  ] RESOURCE_WAIT      job=J07 resource=PRINTER
[    3302 ms] [worker-3  ] WORK_FINISHED      job=J08
[    3302 ms] [worker-3  ] RESOURCE_WAIT      job=J08 resource=PRINTER
[    3716 ms] [worker-1  ] RESOURCE_ACQUIRED  job=J07 resource=PRINTER waited=445ms
[    3716 ms] [worker-2  ] RESOURCE_RELEASED  job=J02 resource=PRINTER
[    3716 ms] [worker-2  ] JOB_COMPLETED      job=J02
[    3716 ms] [worker-2  ] JOB_STARTED        job=J09 priority=1
[    4074 ms] [monitor   ] MONITOR            ready=4 running=3 completed=3 printer=1/1 database=0/2
[    4417 ms] [worker-2  ] WORK_FINISHED      job=J09
[    4417 ms] [worker-2  ] RESOURCE_WAIT      job=J09 resource=DATABASE
[    4417 ms] [worker-2  ] RESOURCE_ACQUIRED  job=J09 resource=DATABASE waited=0ms
[    4616 ms] [worker-1  ] RESOURCE_RELEASED  job=J07 resource=PRINTER
[    4617 ms] [worker-1  ] JOB_COMPLETED      job=J07
[    4617 ms] [worker-3  ] RESOURCE_ACQUIRED  job=J08 resource=PRINTER waited=1314ms
[    4617 ms] [worker-1  ] JOB_STARTED        job=J10 priority=2
[    5075 ms] [monitor   ] MONITOR            ready=3 running=3 completed=4 printer=1/1 database=1/2
[    5217 ms] [worker-1  ] WORK_FINISHED      job=J10
[    5218 ms] [worker-1  ] JOB_COMPLETED      job=J10
[    5218 ms] [worker-1  ] JOB_STARTED        job=J06 priority=4
[    5317 ms] [worker-2  ] RESOURCE_RELEASED  job=J09 resource=DATABASE
[    5318 ms] [worker-2  ] JOB_COMPLETED      job=J09
[    5318 ms] [worker-2  ] JOB_STARTED        job=J04 priority=5
[    5517 ms] [worker-3  ] RESOURCE_RELEASED  job=J08 resource=PRINTER
[    5518 ms] [worker-3  ] JOB_COMPLETED      job=J08
[    5518 ms] [worker-3  ] JOB_STARTED        job=J05 priority=5
[    6076 ms] [monitor   ] MONITOR            ready=0 running=3 completed=7 printer=0/1 database=0/2
[    7076 ms] [monitor   ] MONITOR            ready=0 running=3 completed=7 printer=0/1 database=0/2
[    7618 ms] [worker-1  ] WORK_FINISHED      job=J06
[    7618 ms] [worker-1  ] RESOURCE_WAIT      job=J06 resource=DATABASE
[    7619 ms] [worker-1  ] RESOURCE_ACQUIRED  job=J06 resource=DATABASE waited=0ms
[    7718 ms] [worker-2  ] WORK_FINISHED      job=J04
[    7718 ms] [worker-2  ] RESOURCE_WAIT      job=J04 resource=DATABASE
[    7719 ms] [worker-2  ] RESOURCE_ACQUIRED  job=J04 resource=DATABASE waited=1ms
[    8019 ms] [worker-3  ] WORK_FINISHED      job=J05
[    8019 ms] [worker-3  ] RESOURCE_WAIT      job=J05 resource=PRINTER
[    8019 ms] [worker-3  ] RESOURCE_ACQUIRED  job=J05 resource=PRINTER waited=0ms
[    8077 ms] [monitor   ] MONITOR            ready=0 running=3 completed=7 printer=1/1 database=2/2
[    8619 ms] [worker-1  ] RESOURCE_RELEASED  job=J06 resource=DATABASE
[    8619 ms] [worker-1  ] JOB_COMPLETED      job=J06
[    8619 ms] [worker-1  ] SYSTEM             worker-1 shutdown: ready queue drained
[    8719 ms] [worker-2  ] RESOURCE_RELEASED  job=J04 resource=DATABASE
[    8719 ms] [worker-2  ] JOB_COMPLETED      job=J04
[    8719 ms] [worker-2  ] SYSTEM             worker-2 shutdown: ready queue drained
[    9078 ms] [monitor   ] MONITOR            ready=0 running=1 completed=9 printer=1/1 database=0/2
[    9220 ms] [worker-3  ] RESOURCE_RELEASED  job=J05 resource=PRINTER
[    9220 ms] [worker-3  ] JOB_COMPLETED      job=J05
[    9220 ms] [worker-3  ] SYSTEM             worker-3 shutdown: ready queue drained
[    9221 ms] [monitor   ] MONITOR            ready=0 running=0 completed=10 printer=0/1 database=0/2
[    9221 ms] [main      ] SYSTEM             GRACEFUL_SHUTDOWN all jobs completed
[    9224 ms] [main      ] SYSTEM_STOP        completed=10/10
=== Statistics ===
Completed jobs: 10/10
Average Waiting Time: 2328 ms
Average Turnaround Time: 4947 ms
Average Resource Wait Time: 251 ms
Throughput: 1.08 jobs/sec

Per-job metrics:
Job      Wait(ms)   TAT(ms)    ResWait(ms)  Check(ms)   
J01      22         2523       0            2522        
J02      1          3616       0            3601        
J03      1          2501       0            2501        
J04      5018       8419       1            8419        
J05      5119       8820       0            8819        
J06      4718       8119       0            8118        
J07      1570       3617       445          3615        
J08      1502       4318       1314         4316        
J09      2316       3918       0            3916        
J10      3017       3618       0            3617        
